2026-04-15T17:37:43.676Z | Pata | Salvataggio naive.json
2026-04-15T23:32:12.459Z | Pata | Salvataggio naive.json
2026-04-22T20:31:16.302Z | Pata | Salvataggio naive.json
2026-04-22T20:53:12.778Z | Pata | Salvataggio question_mark.json
2026-04-28T19:54:08.584Z | Pata | Salvataggio question_mark.json
2026-04-28T20:48:10.414Z | Pata | Salvataggio question_mark.json
2026-04-28T22:08:17.351Z | Pata | Salvataggio question_mark.json
2026-04-29T14:51:18.987Z | Pata | Salvataggio question_mark.json
2026-04-29T15:30:48.827Z | Pata | Salvataggio question_mark.json
2026-04-29T15:34:16.817Z | Pata | Salvataggio question_mark.json
2026-04-29T18:22:52.960Z | Pata | Salvataggio question_mark.json
2026-04-29T20:12:30.591Z | Pata | Salvataggio question_mark.json
2026-04-29T22:49:30.486Z | Pata | Salvataggio naive.json
2026-04-29T22:50:40.215Z | Pata | Salvataggio question_mark.json
2026-04-29T22:51:24.346Z | Pata | Salvataggio question_mark.json
2026-04-29T23:03:05.680Z | Pata | Salvataggio question_mark.json
2026-05-05T14:39:43.387Z | Pata | Salvataggio question_mark.json
2026-05-05T14:54:38.580Z | Pata | Salvataggio charibdys_ii_jhones.json
2026-05-13T18:24:26.308Z | Pata | Upload avatar
2026-05-13T18:24:37.338Z | Pata | Salvataggio charibdys_ii_jhones.json
2026-05-13T18:25:11.544Z | Pata | Upload avatar
2026-05-13T18:25:16.352Z | Pata | Salvataggio question_mark.json
2026-05-18T16:44:22.373Z | Ciccio | Migrati 3 PG → -classic
2026-05-20T20:28:03.819Z | Pata | Salvataggio naive-classic.json
2026-05-20T20:39:55.143Z | Pata | Salvataggio naive-classic.json
2026-05-21T19:29:02.252Z | Pata | Salvataggio question_mark-classic.json
2026-05-21T21:16:13.356Z | Pata | Salvataggio question_mark-classic.json
2026-05-21T21:21:07.222Z | Pata | Salvataggio question_mark-classic.json
2026-05-27T22:21:30.632Z | Pata | Salvataggio question_mark-classic.json
2026-06-02T19:12:54.626Z | Pata | Salvataggio question_mark-classic.json
