2026-04-13T19:51:17.679Z | Ciccio | Login
2026-04-13T20:18:37.970Z | Ciccio | Login
2026-04-13T20:30:15.161Z | Ciccio | Login
2026-04-13T20:38:58.673Z | Rik | Login
2026-04-13T20:52:57.237Z | Rik | Login
2026-04-13T20:54:39.728Z | Ciccio | Login
2026-04-13T20:58:59.423Z | Rik | Login
2026-04-13T21:05:05.532Z | Rik | Login
2026-04-13T21:05:28.059Z | Rik | Login
2026-04-13T21:20:41.433Z | Rik | Login
2026-04-13T21:21:32.202Z | Ciccio | Login
2026-04-13T21:22:32.312Z | Ciccio | Login
2026-04-13T21:30:11.472Z | Rik | Login
2026-04-13T21:31:23.522Z | Rik | Login
2026-04-13T21:31:46.594Z | Ciccio | Login
2026-04-13T21:33:03.926Z | Rik | Login
2026-04-13T21:35:53.041Z | Ciccio | Login
2026-04-13T21:44:35.963Z | Rik | Login
2026-04-13T21:44:41.947Z | Ciccio | Login
2026-04-13T21:44:46.722Z | Rik | Login
2026-04-13T21:45:04.886Z | Rik | Login
2026-04-13T21:45:38.590Z | Rik | Login
2026-04-13T21:46:07.146Z | Rik | Login
2026-04-13T21:46:18.238Z | Rik | Login
2026-04-13T21:47:00.866Z | Rik | Login
2026-04-13T21:48:23.748Z | Pata | Login
2026-04-13T21:58:45.001Z | Ciccio | Login
2026-04-13T22:00:00.386Z | Ciccio | Login
2026-04-13T22:06:28.682Z | Ciccio | Login
2026-04-13T22:06:58.058Z | Ciccio | Login
2026-04-13T22:07:09.490Z | Ciccio | Login
2026-04-13T22:07:41.273Z | Ciccio | Login
2026-04-13T22:08:14.186Z | Ciccio | Login
2026-04-13T22:08:56.305Z | Ciccio | Login
2026-04-13T22:10:02.009Z | Ciccio | Login
2026-04-13T22:18:43.273Z | Ciccio | Login
2026-04-13T22:20:18.296Z | Ciccio | Login
2026-04-13T22:25:09.593Z | Ciccio | Login
2026-04-13T22:25:31.072Z | Ciccio | Login
2026-04-13T22:27:13.394Z | Ciccio | Login
2026-04-13T22:27:54.191Z | Ciccio | Login
2026-04-13T22:28:48.473Z | Ciccio | Login
2026-04-13T22:37:24.681Z | Ciccio | Login
2026-04-13T22:38:11.143Z | Ciccio | Login
2026-04-13T22:41:46.199Z | Ciccio | Login
2026-04-13T22:42:10.017Z | Ciccio | Login
2026-04-14T05:40:13.526Z | Ciccio | Login
2026-04-14T11:44:45.300Z | Rik | Login
2026-04-14T15:00:45.332Z | Rik | Login
2026-04-14T15:22:56.478Z | Rik | Login
2026-04-14T15:34:33.497Z | Ciccio | Login
2026-04-14T15:52:11.252Z | Ciccio | Login
2026-04-14T15:56:38.540Z | Ciccio | Login
2026-04-14T16:40:49.984Z | Rik | Login
2026-04-14T16:42:09.253Z | Rik | Login
2026-04-14T19:12:02.147Z | Ciccio | Login
2026-04-14T20:26:43.706Z | Ciccio | Login
2026-04-14T20:29:17.197Z | Ciccio | Login
2026-04-14T20:53:19.238Z | Ciccio | Login
2026-04-14T20:55:27.656Z | Rik | Login
2026-04-15T10:01:55.986Z | Ciccio | Login
2026-04-15T10:02:20.427Z | Ciccio | Login
2026-04-15T11:20:51.933Z | Rik | Login
2026-04-15T11:36:30.037Z | Ciccio | Login
2026-04-15T12:23:08.189Z | Rik | Login
2026-04-15T12:23:16.605Z | Rik | Login
2026-04-15T15:15:54.794Z | Rik | Login
2026-04-15T16:08:17.770Z | Rik | Login
2026-04-15T16:23:27.638Z | Rik | Login
2026-04-15T16:24:34.117Z | Rik | Login
2026-04-15T16:59:56.606Z | Ga | Login
2026-04-15T17:04:30.618Z | Ciccio | Login
2026-04-15T17:37:14.651Z | Pata | Login
2026-04-15T18:21:24.431Z | Ciccio | Login
2026-04-15T19:04:59.010Z | Ga | Login
2026-04-15T19:12:00.477Z | Ga | Login
2026-04-15T19:42:34.193Z | Rik | Login
2026-04-15T19:47:46.292Z | Ga | Login
2026-04-15T19:49:38.084Z | Ga | Login
2026-04-15T19:57:59.437Z | Pata | Login
2026-04-15T20:26:10.455Z | Ga | Login
2026-04-15T20:56:31.744Z | Ga | Login
2026-04-15T20:56:38.515Z | Ga | Login
2026-04-15T21:20:29.504Z | Ga | Login
2026-04-15T21:41:17.000Z | Ciccio | Login
2026-04-15T21:55:42.122Z | Ga | Login
2026-04-15T22:05:56.968Z | Scala | Login
2026-04-15T22:09:25.935Z | Ga | Login
2026-04-15T23:10:12.076Z | Rik | Login
2026-04-15T23:26:36.920Z | Ga | Login
2026-04-16T00:23:04.239Z | Ciccio | Login
2026-04-16T14:20:17.903Z | Ciccio | Login
2026-04-22T17:00:05.855Z | Scala | Login
2026-04-22T17:00:55.243Z | Pata | Login
2026-04-22T19:51:00.017Z | Ciccio | Login
2026-04-22T20:50:00.791Z | Ciccio | Login
2026-04-26T11:11:10.024Z | Rik | Login
2026-04-26T12:35:13.045Z | Pata | Login
2026-04-28T12:38:33.183Z | Rik | Login
2026-04-28T19:31:37.600Z | Pata | Login
2026-04-29T14:14:51.286Z | Pata | Login
2026-04-29T15:15:27.604Z | Pata | Login
2026-04-29T15:50:01.671Z | Pata | Login
2026-04-29T15:55:51.394Z | Scala | Login
2026-04-29T16:50:53.462Z | Rik | Login
2026-04-29T16:51:43.133Z | Pata | Login
2026-04-29T17:22:13.244Z | Pata | Login
2026-04-29T17:49:18.414Z | Ciccio | Login
2026-04-29T18:22:55.635Z | Rik | Login
2026-04-29T18:26:40.259Z | Rik | Login
2026-04-29T18:34:47.311Z | Ciccio | Login
2026-04-29T18:58:06.082Z | Rik | Login
2026-04-29T19:10:09.899Z | Rik | Login
2026-04-29T20:13:17.892Z | Scala | Login
2026-04-29T20:21:11.867Z | Ciccio | Login
2026-04-29T20:23:28.264Z | Rik | Login
2026-04-29T22:12:15.584Z | Pata | Login
2026-05-04T11:37:12.273Z | Ciccio | Login
2026-05-04T12:11:41.841Z | Ciccio | Login
2026-05-04T12:54:48.006Z | Ciccio | Login
2026-05-04T14:50:53.001Z | Ciccio | Login
2026-05-05T09:54:20.605Z | Scala | Login
2026-05-05T13:24:39.713Z | Scala | Login
2026-05-05T14:38:46.790Z | Pata | Login
2026-05-06T12:10:21.560Z | Scala | Login
2026-05-06T12:20:59.917Z | Rik | Login
2026-05-06T12:26:57.596Z | Scala | Login
2026-05-06T12:29:15.944Z | Ciccio | Login
2026-05-06T15:33:45.820Z | Scala | Login
2026-05-06T18:12:11.972Z | Ciccio | Login
2026-05-06T18:13:40.146Z | Scala | Login
2026-05-06T18:18:26.493Z | Rik | Login
2026-05-06T18:18:32.161Z | Rik | Login
2026-05-06T19:23:41.024Z | Scala | Login
2026-05-06T20:13:40.447Z | Scala | Login
2026-05-06T20:45:32.743Z | Pata | Login
2026-05-12T14:43:05.399Z | Rik | Login
2026-05-12T20:13:07.990Z | Rik | Login
2026-05-12T20:14:10.871Z | Rik | Login
2026-05-12T20:15:46.619Z | Rik | Login
2026-05-12T21:09:19.790Z | Rik | Login
2026-05-12T21:10:05.685Z | Rik | Login
2026-05-12T21:17:41.250Z | Rik | Login
2026-05-12T21:18:27.431Z | Rik | Login
2026-05-12T21:20:52.343Z | Rik | Login
2026-05-12T22:22:54.675Z | Ciccio | Login
2026-05-13T11:05:04.150Z | Ciccio | Login
2026-05-13T11:27:46.245Z | Rik | Login
2026-05-13T11:28:08.826Z | Rik | Login
2026-05-13T11:28:33.669Z | Rik | Login
2026-05-13T11:29:01.027Z | Rik | Login
2026-05-13T11:33:03.151Z | Rik | Login
2026-05-13T11:33:08.547Z | Rik | Login
2026-05-13T11:33:16.887Z | Rik | Login
2026-05-13T11:59:05.643Z | Luke | Login
2026-05-13T13:09:37.269Z | Luke | Login
2026-05-13T14:32:18.202Z | Rik | Login
2026-05-13T15:46:18.008Z | Rik | Login
2026-05-13T15:50:29.967Z | Rik | Login
2026-05-13T17:07:00.859Z | Ciccio | Login
2026-05-13T17:11:26.384Z | Ciccio | Login
2026-05-13T17:15:56.230Z | Ciccio | Login
2026-05-13T17:19:50.649Z | Ciccio | Login
2026-05-13T17:21:01.114Z | Ciccio | Login
2026-05-13T17:25:47.656Z | Ciccio | Login
2026-05-13T17:25:59.104Z | Ciccio | Login
2026-05-13T17:26:35.128Z | Ciccio | Login
2026-05-13T17:26:54.457Z | Ciccio | Login
2026-05-13T17:27:59.042Z | Ciccio | Login
2026-05-13T17:30:48.783Z | Ciccio | Login
2026-05-13T18:07:03.590Z | Rik | Login
2026-05-13T18:24:09.732Z | Pata | Login
2026-05-13T18:25:54.303Z | Rik | Login
2026-05-13T18:27:39.351Z | Rik | Login
2026-05-13T18:28:24.784Z | Pata | Login
2026-05-13T18:36:22.623Z | Ciccio | Login
2026-05-13T19:34:19.330Z | Pata | Login
2026-05-13T22:15:39.663Z | Rik | Login
2026-05-14T08:10:23.116Z | Ciccio | Login
2026-05-14T08:15:50.708Z | Ciccio | Login
2026-05-14T08:24:01.748Z | Ciccio | Login
2026-05-14T08:28:05.811Z | Ciccio | Login
2026-05-14T08:30:00.778Z | Ciccio | Login
2026-05-14T08:42:13.349Z | Ciccio | Login
2026-05-14T08:49:39.542Z | Ciccio | Login
2026-05-14T08:54:33.182Z | Ciccio | Login
2026-05-14T08:58:27.003Z | Ciccio | Login
2026-05-14T09:09:28.920Z | Ciccio | Login
2026-05-14T09:17:53.220Z | Ciccio | Login
2026-05-14T09:23:43.908Z | Ciccio | Login
2026-05-14T14:39:04.184Z | Ciccio | Login
2026-05-18T15:49:06.419Z | Pata | Login
2026-05-18T16:43:34.475Z | Ciccio | Login
2026-05-18T16:53:02.134Z | Ciccio | Login
2026-05-18T17:14:05.871Z | Ciccio | Login
2026-05-18T18:04:16.358Z | Ciccio | Login
2026-05-18T18:14:10.978Z | Ciccio | Login
2026-05-18T18:16:05.884Z | Ciccio | Login
2026-05-18T18:20:04.305Z | Ciccio | Login
2026-05-18T18:21:54.531Z | Ciccio | Login
2026-05-18T18:25:25.160Z | Ciccio | Login
2026-05-18T18:28:59.348Z | Ciccio | Login
2026-05-18T18:33:00.529Z | Ciccio | Login
2026-05-18T19:07:40.632Z | Ciccio | Login
2026-05-18T19:37:55.577Z | Ciccio | Login
2026-05-18T21:58:06.070Z | Ciccio | Login
2026-05-18T22:19:41.505Z | Ciccio | Login
2026-05-19T00:25:37.448Z | Ciccio | Login
2026-05-19T06:06:33.971Z | Pata | Login
2026-05-19T06:11:21.221Z | Pata | Login
2026-05-19T06:11:39.574Z | Pata | Login
2026-05-19T07:22:04.574Z | Ciccio | Login
2026-05-19T08:51:39.159Z | Ciccio | Login
2026-05-19T08:59:25.721Z | Ciccio | Login
2026-05-19T09:58:23.123Z | Ciccio | Login
2026-05-19T10:37:18.368Z | Pata | Login
2026-05-19T10:43:33.784Z | Ciccio | Login
2026-05-19T11:50:52.051Z | Ciccio | Login
2026-05-19T11:53:39.582Z | Ciccio | Login
2026-05-19T11:57:39.198Z | Ciccio | Login
2026-05-19T12:17:43.091Z | Ciccio | Login
2026-05-19T12:20:00.110Z | Ciccio | Login
2026-05-19T15:03:15.418Z | Ciccio | Login
2026-05-19T15:14:33.342Z | Ciccio | Login
2026-05-19T15:16:13.960Z | Ciccio | Login
2026-05-19T15:19:49.077Z | Ciccio | Login
2026-05-19T15:22:17.871Z | Ciccio | Login
2026-05-19T15:23:35.306Z | Ciccio | Login
2026-05-19T17:20:47.892Z | Ciccio | Login
2026-05-19T20:50:41.463Z | Ciccio | Login
2026-05-19T21:35:37.151Z | Rik | Login
2026-05-19T23:05:08.451Z | Ciccio | Login
2026-05-20T19:03:05.808Z | Pata | Login
2026-05-20T19:58:55.088Z | Pata | Login
2026-05-20T20:26:26.567Z | Ciccio | Login
2026-05-20T20:26:40.167Z | Rik | Login
2026-05-20T20:48:10.501Z | Rik | Login
2026-05-21T01:39:00.929Z | Ciccio | Login
2026-05-21T09:27:32.777Z | Ciccio | Login
2026-05-21T19:28:02.913Z | Pata | Login
2026-05-21T19:28:15.823Z | Luke | Login
2026-05-21T19:29:22.061Z | Scala | Login
2026-05-21T19:57:15.820Z | Rik | Login
2026-05-21T20:51:08.411Z | Rik | Login
2026-05-21T21:26:30.146Z | Rik | Login
2026-05-21T21:28:55.686Z | Pata | Login
2026-05-21T21:31:47.407Z | Luke | Login
2026-05-22T20:27:50.932Z | Ciccio | Login
2026-05-23T12:46:19.796Z | Pata | Login
2026-05-25T11:05:11.036Z | Scala | Login
2026-05-27T16:37:51.392Z | Pata | Login
2026-05-27T16:38:09.350Z | Luke | Login
2026-05-27T17:53:09.207Z | Ciccio | Login
2026-05-27T18:49:45.379Z | Scala | Login
2026-05-27T18:56:35.645Z | Rik | Login
2026-05-27T19:04:05.687Z | Luke | Login
2026-05-27T19:04:20.967Z | Rik | Login
2026-05-27T19:11:03.274Z | Pata | Login
2026-05-27T19:17:22.970Z | Rik | Login
2026-05-27T19:39:35.771Z | Scala | Login
2026-05-28T10:11:32.428Z | Scala | Login
2026-05-28T11:03:10.596Z | Scala | Login
2026-05-28T11:20:54.199Z | Scala | Login
2026-05-30T18:15:45.548Z | Rik | Login
