2026-04-13T18:37:36.082Z | Ciccio | Salvataggio eliah_pucci.json
2026-04-13T20:19:24.467Z | Ciccio | Salvataggio eliah_pucci.json
2026-04-13T21:22:18.587Z | Ciccio | Nuovo PG culo.json
2026-04-13T21:24:34.858Z | Ciccio | Nuovo PG nuovo_pg.json
2026-04-13T21:32:01.725Z | Ciccio | Nuovo PG nuovo_pg.json
2026-04-13T21:35:57.967Z | Ciccio | Nuovo PG nuovo_pg.json
2026-04-13T21:44:48.125Z | Ciccio | Nuovo PG nuovo_pg.json
2026-04-13T22:00:24.515Z | Ciccio | Eliminato nuovo_pg.json
2026-04-13T22:06:35.072Z | Ciccio | Nuovo PG nuovo_pg.json
2026-04-13T22:10:14.603Z | Ciccio | Eliminato nuovo_pg.json
2026-04-13T22:44:05.047Z | Ciccio | Salvataggio eliah_pucci.json
2026-04-14T19:12:47.279Z | Ciccio | Salvataggio eliah_pucci.json
2026-04-15T21:58:21.380Z | Ciccio | Salvataggio eliah_pucci.json
2026-04-15T22:01:02.982Z | Ciccio | Salvataggio eliah_pucci.json
2026-04-15T22:13:16.855Z | Ciccio | Salvataggio eliah_pucci.json
2026-04-15T22:27:28.293Z | Ciccio | Salvataggio eliah_pucci.json
2026-04-15T22:28:22.038Z | Ciccio | Salvataggio eliah_pucci.json
2026-04-15T23:09:33.009Z | Ciccio | Salvataggio eliah_pucci.json
2026-04-15T23:41:42.118Z | Ciccio | Salvataggio eliah_pucci.json
2026-04-22T20:29:04.648Z | Ciccio | Salvataggio eliah_pucci.json
2026-04-22T20:30:33.802Z | Ciccio | Salvataggio eliah_pucci.json
2026-04-29T18:43:01.013Z | Ciccio | Salvataggio eliah_pucci.json
2026-04-29T20:23:17.316Z | Ciccio | Salvataggio eliah_pucci.json
2026-04-29T20:25:07.558Z | Ciccio | Salvataggio eliah_pucci.json
2026-04-29T20:28:59.283Z | Ciccio | Salvataggio eliah_pucci.json
2026-04-29T20:33:00.400Z | Ciccio | Salvataggio eliah_pucci.json
2026-04-29T20:59:55.238Z | Ciccio | Salvataggio eliah_pucci.json
2026-04-29T21:03:25.542Z | Ciccio | Salvataggio eliah_pucci.json
2026-04-29T22:11:23.861Z | Ciccio | Salvataggio eliah_pucci.json
2026-05-04T11:38:26.598Z | Ciccio | Nuovo PG wall.json
2026-05-04T11:39:04.237Z | Ciccio | Salvataggio wall.json
2026-05-04T11:47:13.675Z | Ciccio | Salvataggio wall.json
2026-05-04T11:47:59.983Z | Ciccio | Salvataggio wall.json
2026-05-04T11:48:54.787Z | Ciccio | Salvataggio wall.json
2026-05-04T11:51:01.963Z | Ciccio | Salvataggio wall.json
2026-05-04T11:53:20.531Z | Ciccio | Salvataggio wall.json
2026-05-04T11:58:10.959Z | Ciccio | Salvataggio wall.json
2026-05-04T12:00:00.569Z | Ciccio | Salvataggio wall.json
2026-05-04T12:07:09.600Z | Ciccio | Salvataggio wall.json
2026-05-04T12:12:32.528Z | Ciccio | Salvataggio wall.json
2026-05-04T12:12:44.074Z | Ciccio | Salvataggio wall.json
2026-05-04T13:02:49.234Z | Ciccio | Salvataggio wall.json
2026-05-04T13:07:10.071Z | Ciccio | Salvataggio wall.json
2026-05-06T20:27:02.675Z | Ciccio | Salvataggio eliah_pucci.json
2026-05-12T22:23:05.554Z | Ciccio | Salvataggio eliah_pucci.json
2026-05-13T17:31:12.473Z | Ciccio | Salvataggio eliah_pucci.json
2026-05-13T19:42:01.292Z | Ciccio | Salvataggio eliah_pucci.json
2026-05-14T14:39:53.774Z | Ciccio | Rinominato wall.json → woru_e_boru.json
2026-05-18T16:43:57.704Z | Ciccio | Migrati 2 PG → -classic
2026-05-18T16:53:41.420Z | Ciccio | Salvataggio eliah_pucci-classic.json
2026-05-20T20:32:27.184Z | Ciccio | Salvataggio eliah_pucci-classic.json
2026-05-20T20:33:55.175Z | Ciccio | Salvataggio eliah_pucci-classic.json
2026-05-20T21:03:57.139Z | Ciccio | Salvataggio eliah_pucci-classic.json
